../Core/Src/main.c:90:6:MPU6050_Init	32	static
../Core/Src/main.c:143:6:MPU6050_Read_Accel	32	static
../Core/Src/main.c:161:6:MPU6050_Read_Accel_Simulated	24	static
../Core/Src/main.c:178:6:MPU6050_Read_Gyro	32	static
../Core/Src/main.c:197:6:MPU6050_Read_Gyro_Simulated	24	static
../Core/Src/main.c:221:5:main	416	static
../Core/Src/main.c:312:6:SystemClock_Config	96	static
../Core/Src/main.c:362:13:MX_I2C1_Init	8	static
../Core/Src/main.c:410:13:MX_USART2_UART_Init	8	static
../Core/Src/main.c:445:13:MX_GPIO_Init	48	static
../Core/Src/main.c:487:6:Error_Handler	4	static,ignoring_inline_asm
